08:10:37 **** Build of project mem_bsp ****
make -k all 
Running Make include in microblaze_0/libsrc/bram_v4_1/src
make -C microblaze_0/libsrc/bram_v4_1/src -s include  "SHELL=/bin/sh" "COMPILER=mb-gcc" "ARCHIVER=mb-ar" "COMPILER_FLAGS= -O2 -c -mcpu=v9.6 -mlittle-endian -mxl-soft-mul" "EXTRA_COMPILER_FLAGS=-g"
Running Make include in microblaze_0/libsrc/cpu_v2_4/src
make -C microblaze_0/libsrc/cpu_v2_4/src -s include  "SHELL=/bin/sh" "COMPILER=mb-gcc" "ARCHIVER=mb-ar" "COMPILER_FLAGS= -O2 -c -mcpu=v9.6 -mlittle-endian -mxl-soft-mul" "EXTRA_COMPILER_FLAGS=-g"
Running Make include in microblaze_0/libsrc/gpio_v4_1/src
make -C microblaze_0/libsrc/gpio_v4_1/src -s include  "SHELL=/bin/sh" "COMPILER=mb-gcc" "ARCHIVER=mb-ar" "COMPILER_FLAGS= -O2 -c -mcpu=v9.6 -mlittle-endian -mxl-soft-mul" "EXTRA_COMPILER_FLAGS=-g"
Running Make include in microblaze_0/libsrc/standalone_v5_4/src
make -C microblaze_0/libsrc/standalone_v5_4/src -s include  "SHELL=/bin/sh" "COMPILER=mb-gcc" "ARCHIVER=mb-ar" "COMPILER_FLAGS= -O2 -c -mcpu=v9.6 -mlittle-endian -mxl-soft-mul" "EXTRA_COMPILER_FLAGS=-g"
Running Make include in microblaze_0/libsrc/uartlite_v3_2/src
make -C microblaze_0/libsrc/uartlite_v3_2/src -s include  "SHELL=/bin/sh" "COMPILER=mb-gcc" "ARCHIVER=mb-ar" "COMPILER_FLAGS= -O2 -c -mcpu=v9.6 -mlittle-endian -mxl-soft-mul" "EXTRA_COMPILER_FLAGS=-g"
Running Make libs in microblaze_0/libsrc/bram_v4_1/src
make -C microblaze_0/libsrc/bram_v4_1/src -s libs  "SHELL=/bin/sh" "COMPILER=mb-gcc" "ARCHIVER=mb-ar" "COMPILER_FLAGS= -O2 -c -mcpu=v9.6 -mlittle-endian -mxl-soft-mul" "EXTRA_COMPILER_FLAGS=-g"
Compiling bram
mb-ar: creating ../../../lib/libxil.a
Running Make libs in microblaze_0/libsrc/cpu_v2_4/src
make -C microblaze_0/libsrc/cpu_v2_4/src -s libs  "SHELL=/bin/sh" "COMPILER=mb-gcc" "ARCHIVER=mb-ar" "COMPILER_FLAGS= -O2 -c -mcpu=v9.6 -mlittle-endian -mxl-soft-mul" "EXTRA_COMPILER_FLAGS=-g"
Compiling cpu
Running Make libs in microblaze_0/libsrc/gpio_v4_1/src
make -C microblaze_0/libsrc/gpio_v4_1/src -s libs  "SHELL=/bin/sh" "COMPILER=mb-gcc" "ARCHIVER=mb-ar" "COMPILER_FLAGS= -O2 -c -mcpu=v9.6 -mlittle-endian -mxl-soft-mul" "EXTRA_COMPILER_FLAGS=-g"
Compiling gpio
Running Make libs in microblaze_0/libsrc/standalone_v5_4/src
make -C microblaze_0/libsrc/standalone_v5_4/src -s libs  "SHELL=/bin/sh" "COMPILER=mb-gcc" "ARCHIVER=mb-ar" "COMPILER_FLAGS= -O2 -c -mcpu=v9.6 -mlittle-endian -mxl-soft-mul" "EXTRA_COMPILER_FLAGS=-g"
Compiling standalone
Running Make libs in microblaze_0/libsrc/uartlite_v3_2/src
make -C microblaze_0/libsrc/uartlite_v3_2/src -s libs  "SHELL=/bin/sh" "COMPILER=mb-gcc" "ARCHIVER=mb-ar" "COMPILER_FLAGS= -O2 -c -mcpu=v9.6 -mlittle-endian -mxl-soft-mul" "EXTRA_COMPILER_FLAGS=-g"
Compiling uartlite
Finished building libraries
08:10:47 **** Auto Build of project mem_bsp ****
make -k all 
Running Make include in microblaze_0/libsrc/bram_v4_1/src
make -C microblaze_0/libsrc/bram_v4_1/src -s include  "SHELL=/bin/sh" "COMPILER=mb-gcc" "ARCHIVER=mb-ar" "COMPILER_FLAGS= -O2 -c -mcpu=v9.6 -mlittle-endian -mxl-soft-mul" "EXTRA_COMPILER_FLAGS=-g"
Running Make include in microblaze_0/libsrc/cpu_v2_4/src
make -C microblaze_0/libsrc/cpu_v2_4/src -s include  "SHELL=/bin/sh" "COMPILER=mb-gcc" "ARCHIVER=mb-ar" "COMPILER_FLAGS= -O2 -c -mcpu=v9.6 -mlittle-endian -mxl-soft-mul" "EXTRA_COMPILER_FLAGS=-g"
Running Make include in microblaze_0/libsrc/gpio_v4_1/src
make -C microblaze_0/libsrc/gpio_v4_1/src -s include  "SHELL=/bin/sh" "COMPILER=mb-gcc" "ARCHIVER=mb-ar" "COMPILER_FLAGS= -O2 -c -mcpu=v9.6 -mlittle-endian -mxl-soft-mul" "EXTRA_COMPILER_FLAGS=-g"
Running Make include in microblaze_0/libsrc/standalone_v5_4/src
make -C microblaze_0/libsrc/standalone_v5_4/src -s include  "SHELL=/bin/sh" "COMPILER=mb-gcc" "ARCHIVER=mb-ar" "COMPILER_FLAGS= -O2 -c -mcpu=v9.6 -mlittle-endian -mxl-soft-mul" "EXTRA_COMPILER_FLAGS=-g"
Running Make include in microblaze_0/libsrc/uartlite_v3_2/src
make -C microblaze_0/libsrc/uartlite_v3_2/src -s include  "SHELL=/bin/sh" "COMPILER=mb-gcc" "ARCHIVER=mb-ar" "COMPILER_FLAGS= -O2 -c -mcpu=v9.6 -mlittle-endian -mxl-soft-mul" "EXTRA_COMPILER_FLAGS=-g"
Running Make libs in microblaze_0/libsrc/bram_v4_1/src
make -C microblaze_0/libsrc/bram_v4_1/src -s libs  "SHELL=/bin/sh" "COMPILER=mb-gcc" "ARCHIVER=mb-ar" "COMPILER_FLAGS= -O2 -c -mcpu=v9.6 -mlittle-endian -mxl-soft-mul" "EXTRA_COMPILER_FLAGS=-g"
Compiling bram
Running Make libs in microblaze_0/libsrc/cpu_v2_4/src
make -C microblaze_0/libsrc/cpu_v2_4/src -s libs  "SHELL=/bin/sh" "COMPILER=mb-gcc" "ARCHIVER=mb-ar" "COMPILER_FLAGS= -O2 -c -mcpu=v9.6 -mlittle-endian -mxl-soft-mul" "EXTRA_COMPILER_FLAGS=-g"
Compiling cpu
Running Make libs in microblaze_0/libsrc/gpio_v4_1/src
make -C microblaze_0/libsrc/gpio_v4_1/src -s libs  "SHELL=/bin/sh" "COMPILER=mb-gcc" "ARCHIVER=mb-ar" "COMPILER_FLAGS= -O2 -c -mcpu=v9.6 -mlittle-endian -mxl-soft-mul" "EXTRA_COMPILER_FLAGS=-g"
Compiling gpio
Running Make libs in microblaze_0/libsrc/standalone_v5_4/src
make -C microblaze_0/libsrc/standalone_v5_4/src -s libs  "SHELL=/bin/sh" "COMPILER=mb-gcc" "ARCHIVER=mb-ar" "COMPILER_FLAGS= -O2 -c -mcpu=v9.6 -mlittle-endian -mxl-soft-mul" "EXTRA_COMPILER_FLAGS=-g"
Compiling standalone
Running Make libs in microblaze_0/libsrc/uartlite_v3_2/src
make -C microblaze_0/libsrc/uartlite_v3_2/src -s libs  "SHELL=/bin/sh" "COMPILER=mb-gcc" "ARCHIVER=mb-ar" "COMPILER_FLAGS= -O2 -c -mcpu=v9.6 -mlittle-endian -mxl-soft-mul" "EXTRA_COMPILER_FLAGS=-g"
Compiling uartlite
Finished building libraries
08:10:54 **** Build of configuration Debug for project mem ****
make all 
Building file: ../src/helloworld.c
Invoking: MicroBlaze gcc compiler
mb-gcc -Wall -O0 -g3 -c -fmessage-length=0 -MT"src/helloworld.o" -I../../mem_bsp/microblaze_0/include -mlittle-endian -mcpu=v9.6 -mxl-soft-mul -Wl,--no-relax -MMD -MP -MF"src/helloworld.d" -MT"src/helloworld.o" -o "src/helloworld.o" "../src/helloworld.c"
Finished building: ../src/helloworld.c
 
Building file: ../src/platform.c
Invoking: MicroBlaze gcc compiler
mb-gcc -Wall -O0 -g3 -c -fmessage-length=0 -MT"src/platform.o" -I../../mem_bsp/microblaze_0/include -mlittle-endian -mcpu=v9.6 -mxl-soft-mul -Wl,--no-relax -MMD -MP -MF"src/platform.d" -MT"src/platform.o" -o "src/platform.o" "../src/platform.c"
Finished building: ../src/platform.c
 
Building target: mem.elf
Invoking: MicroBlaze gcc linker
mb-gcc -Wl,-T -Wl,../src/lscript.ld -L../../mem_bsp/microblaze_0/lib -mlittle-endian -mcpu=v9.6 -mxl-soft-mul -Wl,--no-relax -o "mem.elf"  ./src/helloworld.o ./src/platform.o   -Wl,--start-group,-lxil,-lgcc,-lc,--end-group
Finished building target: mem.elf
 
Invoking: MicroBlaze Print Size
mb-size mem.elf  |tee "mem.elf.size"
   text	   data	    bss	    dec	    hex	filename
   2888	    288	   3120	   6296	   1898	mem.elf
Finished building: mem.elf.size
 
08:10:55 **** Auto Build of configuration Debug for project mem ****
make all 
make: Nothing to be done for `all'.
08:13:03 **** Auto Build of configuration Debug for project mem ****
make all 
Building file: ../src/helloworld.c
Invoking: MicroBlaze gcc compiler
mb-gcc -Wall -O0 -g3 -c -fmessage-length=0 -MT"src/helloworld.o" -I../../mem_bsp/microblaze_0/include -mlittle-endian -mcpu=v9.6 -mxl-soft-mul -Wl,--no-relax -MMD -MP -MF"src/helloworld.d" -MT"src/helloworld.o" -o "src/helloworld.o" "../src/helloworld.c"
../src/helloworld.c: In function 'main':
../src/helloworld.c:72:9: warning: unused variable 'number_of_words' [-Wunused-variable]
     int number_of_words = 8;
         ^
../src/helloworld.c:54:7: warning: unused variable 'c' [-Wunused-variable]
  char c;
       ^
Finished building: ../src/helloworld.c
 
Building target: mem.elf
Invoking: MicroBlaze gcc linker
mb-gcc -Wl,-T -Wl,../src/lscript.ld -L../../mem_bsp/microblaze_0/lib -mlittle-endian -mcpu=v9.6 -mxl-soft-mul -Wl,--no-relax -o "mem.elf"  ./src/helloworld.o ./src/platform.o   -Wl,--start-group,-lxil,-lgcc,-lc,--end-group
Finished building target: mem.elf
 
Invoking: MicroBlaze Print Size
mb-size mem.elf  |tee "mem.elf.size"
   text	   data	    bss	    dec	    hex	filename
   5228	    288	   3156	   8672	   21e0	mem.elf
Finished building: mem.elf.size
 
08:14:19 **** Incremental Build of configuration Debug for project mem ****
make all 
Invoking: MicroBlaze Print Size
mb-size mem.elf  |tee "mem.elf.size"
   text	   data	    bss	    dec	    hex	filename
   5228	    288	   3156	   8672	   21e0	mem.elf
Finished building: mem.elf.size
 
08:15:31 **** Auto Build of configuration Debug for project mem ****
make all 
Building file: ../src/helloworld.c
Invoking: MicroBlaze gcc compiler
mb-gcc -Wall -O0 -g3 -c -fmessage-length=0 -MT"src/helloworld.o" -I../../mem_bsp/microblaze_0/include -mlittle-endian -mcpu=v9.6 -mxl-soft-mul -Wl,--no-relax -MMD -MP -MF"src/helloworld.d" -MT"src/helloworld.o" -o "src/helloworld.o" "../src/helloworld.c"
../src/helloworld.c: In function 'main':
../src/helloworld.c:72:9: warning: unused variable 'number_of_words' [-Wunused-variable]
     int number_of_words = 8;
         ^
../src/helloworld.c:54:7: warning: unused variable 'c' [-Wunused-variable]
  char c;
       ^
Finished building: ../src/helloworld.c
 
Building target: mem.elf
Invoking: MicroBlaze gcc linker
mb-gcc -Wl,-T -Wl,../src/lscript.ld -L../../mem_bsp/microblaze_0/lib -mlittle-endian -mcpu=v9.6 -mxl-soft-mul -Wl,--no-relax -o "mem.elf"  ./src/helloworld.o ./src/platform.o   -Wl,--start-group,-lxil,-lgcc,-lc,--end-group
Finished building target: mem.elf
 
Invoking: MicroBlaze Print Size
mb-size mem.elf  |tee "mem.elf.size"
   text	   data	    bss	    dec	    hex	filename
   5228	    288	   3156	   8672	   21e0	mem.elf
Finished building: mem.elf.size
 
08:15:38 **** Auto Build of configuration Debug for project mem ****
make all 
Building file: ../src/helloworld.c
Invoking: MicroBlaze gcc compiler
mb-gcc -Wall -O0 -g3 -c -fmessage-length=0 -MT"src/helloworld.o" -I../../mem_bsp/microblaze_0/include -mlittle-endian -mcpu=v9.6 -mxl-soft-mul -Wl,--no-relax -MMD -MP -MF"src/helloworld.d" -MT"src/helloworld.o" -o "src/helloworld.o" "../src/helloworld.c"
../src/helloworld.c: In function 'main':
../src/helloworld.c:72:9: warning: unused variable 'number_of_words' [-Wunused-variable]
     int number_of_words = 8;
         ^
../src/helloworld.c:54:7: warning: unused variable 'c' [-Wunused-variable]
  char c;
       ^
Finished building: ../src/helloworld.c
 
Building target: mem.elf
Invoking: MicroBlaze gcc linker
mb-gcc -Wl,-T -Wl,../src/lscript.ld -L../../mem_bsp/microblaze_0/lib -mlittle-endian -mcpu=v9.6 -mxl-soft-mul -Wl,--no-relax -o "mem.elf"  ./src/helloworld.o ./src/platform.o   -Wl,--start-group,-lxil,-lgcc,-lc,--end-group
Finished building target: mem.elf
 
Invoking: MicroBlaze Print Size
mb-size mem.elf  |tee "mem.elf.size"
   text	   data	    bss	    dec	    hex	filename
   5228	    288	   3156	   8672	   21e0	mem.elf
Finished building: mem.elf.size
 
08:15:55 **** Auto Build of configuration Debug for project mem ****
make all 
Building file: ../src/helloworld.c
Invoking: MicroBlaze gcc compiler
mb-gcc -Wall -O0 -g3 -c -fmessage-length=0 -MT"src/helloworld.o" -I../../mem_bsp/microblaze_0/include -mlittle-endian -mcpu=v9.6 -mxl-soft-mul -Wl,--no-relax -MMD -MP -MF"src/helloworld.d" -MT"src/helloworld.o" -o "src/helloworld.o" "../src/helloworld.c"
../src/helloworld.c: In function 'main':
../src/helloworld.c:72:9: warning: unused variable 'number_of_words' [-Wunused-variable]
     int number_of_words = 8;
         ^
../src/helloworld.c:54:7: warning: unused variable 'c' [-Wunused-variable]
  char c;
       ^
Finished building: ../src/helloworld.c
 
Building target: mem.elf
Invoking: MicroBlaze gcc linker
mb-gcc -Wl,-T -Wl,../src/lscript.ld -L../../mem_bsp/microblaze_0/lib -mlittle-endian -mcpu=v9.6 -mxl-soft-mul -Wl,--no-relax -o "mem.elf"  ./src/helloworld.o ./src/platform.o   -Wl,--start-group,-lxil,-lgcc,-lc,--end-group
Finished building target: mem.elf
 
Invoking: MicroBlaze Print Size
mb-size mem.elf  |tee "mem.elf.size"
   text	   data	    bss	    dec	    hex	filename
   5228	    288	   3156	   8672	   21e0	mem.elf
Finished building: mem.elf.size
 
08:15:58 **** Incremental Build of configuration Debug for project mem ****
make all 
Invoking: MicroBlaze Print Size
mb-size mem.elf  |tee "mem.elf.size"
   text	   data	    bss	    dec	    hex	filename
   5228	    288	   3156	   8672	   21e0	mem.elf
Finished building: mem.elf.size
 
08:16:35 **** Auto Build of configuration Debug for project mem ****
make all 
Building file: ../src/helloworld.c
Invoking: MicroBlaze gcc compiler
mb-gcc -Wall -O0 -g3 -c -fmessage-length=0 -MT"src/helloworld.o" -I../../mem_bsp/microblaze_0/include -mlittle-endian -mcpu=v9.6 -mxl-soft-mul -Wl,--no-relax -MMD -MP -MF"src/helloworld.d" -MT"src/helloworld.o" -o "src/helloworld.o" "../src/helloworld.c"
../src/helloworld.c: In function 'main':
../src/helloworld.c:72:9: warning: unused variable 'number_of_words' [-Wunused-variable]
     int number_of_words = 8;
         ^
../src/helloworld.c:54:7: warning: unused variable 'c' [-Wunused-variable]
  char c;
       ^
Finished building: ../src/helloworld.c
 
Building target: mem.elf
Invoking: MicroBlaze gcc linker
mb-gcc -Wl,-T -Wl,../src/lscript.ld -L../../mem_bsp/microblaze_0/lib -mlittle-endian -mcpu=v9.6 -mxl-soft-mul -Wl,--no-relax -o "mem.elf"  ./src/helloworld.o ./src/platform.o   -Wl,--start-group,-lxil,-lgcc,-lc,--end-group
Finished building target: mem.elf
 
Invoking: MicroBlaze Print Size
mb-size mem.elf  |tee "mem.elf.size"
   text	   data	    bss	    dec	    hex	filename
   5228	    288	   3156	   8672	   21e0	mem.elf
Finished building: mem.elf.size
 
08:16:39 **** Incremental Build of configuration Debug for project mem ****
make all 
Building target: mem.elf
Invoking: MicroBlaze gcc linker
mb-gcc -Wl,-T -Wl,../src/lscript.ld -L../../mem_bsp/microblaze_0/lib -mlittle-endian -mcpu=v9.6 -mxl-soft-mul -Wl,--no-relax -o "mem.elf"  ./src/helloworld.o ./src/platform.o   -Wl,--start-group,-lxil,-lgcc,-lc,--end-group
Finished building target: mem.elf
 
Invoking: MicroBlaze Print Size
mb-size mem.elf  |tee "mem.elf.size"
   text	   data	    bss	    dec	    hex	filename
   5228	    288	   3156	   8672	   21e0	mem.elf
Finished building: mem.elf.size
 
08:41:44 **** Auto Build of configuration Debug for project mem ****
make all 
Building file: ../src/helloworld.c
Invoking: MicroBlaze gcc compiler
mb-gcc -Wall -O0 -g3 -c -fmessage-length=0 -MT"src/helloworld.o" -I../../mem_bsp/microblaze_0/include -mlittle-endian -mcpu=v9.6 -mxl-soft-mul -Wl,--no-relax -MMD -MP -MF"src/helloworld.d" -MT"src/helloworld.o" -o "src/helloworld.o" "../src/helloworld.c"
../src/helloworld.c: In function 'main':
../src/helloworld.c:72:9: warning: unused variable 'number_of_words' [-Wunused-variable]
     int number_of_words = 8;
         ^
../src/helloworld.c:54:7: warning: unused variable 'c' [-Wunused-variable]
  char c;
       ^
Finished building: ../src/helloworld.c
 
Building target: mem.elf
Invoking: MicroBlaze gcc linker
mb-gcc -Wl,-T -Wl,../src/lscript.ld -L../../mem_bsp/microblaze_0/lib -mlittle-endian -mcpu=v9.6 -mxl-soft-mul -Wl,--no-relax -o "mem.elf"  ./src/helloworld.o ./src/platform.o   -Wl,--start-group,-lxil,-lgcc,-lc,--end-group
Finished building target: mem.elf
 
Invoking: MicroBlaze Print Size
mb-size mem.elf  |tee "mem.elf.size"
   text	   data	    bss	    dec	    hex	filename
   5300	    288	   3156	   8744	   2228	mem.elf
Finished building: mem.elf.size
 
08:41:47 **** Incremental Build of configuration Debug for project mem ****
make all 
Invoking: MicroBlaze Print Size
mb-size mem.elf  |tee "mem.elf.size"
   text	   data	    bss	    dec	    hex	filename
   5300	    288	   3156	   8744	   2228	mem.elf
Finished building: mem.elf.size
 
08:49:51 **** Auto Build of configuration Debug for project mem ****
make all 
Building file: ../src/helloworld.c
Invoking: MicroBlaze gcc compiler
mb-gcc -Wall -O0 -g3 -c -fmessage-length=0 -MT"src/helloworld.o" -I../../mem_bsp/microblaze_0/include -mlittle-endian -mcpu=v9.6 -mxl-soft-mul -Wl,--no-relax -MMD -MP -MF"src/helloworld.d" -MT"src/helloworld.o" -o "src/helloworld.o" "../src/helloworld.c"
../src/helloworld.c: In function 'main':
../src/helloworld.c:54:7: warning: unused variable 'c' [-Wunused-variable]
  char c;
       ^
Finished building: ../src/helloworld.c
 
Building target: mem.elf
Invoking: MicroBlaze gcc linker
mb-gcc -Wl,-T -Wl,../src/lscript.ld -L../../mem_bsp/microblaze_0/lib -mlittle-endian -mcpu=v9.6 -mxl-soft-mul -Wl,--no-relax -o "mem.elf"  ./src/helloworld.o ./src/platform.o   -Wl,--start-group,-lxil,-lgcc,-lc,--end-group
Finished building target: mem.elf
 
Invoking: MicroBlaze Print Size
mb-size mem.elf  |tee "mem.elf.size"
   text	   data	    bss	    dec	    hex	filename
   5336	    288	   3152	   8776	   2248	mem.elf
Finished building: mem.elf.size
 
08:50:22 **** Auto Build of configuration Debug for project mem ****
make all 
Building file: ../src/helloworld.c
Invoking: MicroBlaze gcc compiler
mb-gcc -Wall -O0 -g3 -c -fmessage-length=0 -MT"src/helloworld.o" -I../../mem_bsp/microblaze_0/include -mlittle-endian -mcpu=v9.6 -mxl-soft-mul -Wl,--no-relax -MMD -MP -MF"src/helloworld.d" -MT"src/helloworld.o" -o "src/helloworld.o" "../src/helloworld.c"
../src/helloworld.c: In function 'main':
../src/helloworld.c:54:7: warning: unused variable 'c' [-Wunused-variable]
  char c;
       ^
Finished building: ../src/helloworld.c
 
Building target: mem.elf
Invoking: MicroBlaze gcc linker
mb-gcc -Wl,-T -Wl,../src/lscript.ld -L../../mem_bsp/microblaze_0/lib -mlittle-endian -mcpu=v9.6 -mxl-soft-mul -Wl,--no-relax -o "mem.elf"  ./src/helloworld.o ./src/platform.o   -Wl,--start-group,-lxil,-lgcc,-lc,--end-group
Finished building target: mem.elf
 
Invoking: MicroBlaze Print Size
mb-size mem.elf  |tee "mem.elf.size"
   text	   data	    bss	    dec	    hex	filename
   5336	    288	   3152	   8776	   2248	mem.elf
Finished building: mem.elf.size
 
08:50:49 **** Incremental Build of configuration Debug for project mem ****
make all 
Invoking: MicroBlaze Print Size
mb-size mem.elf  |tee "mem.elf.size"
   text	   data	    bss	    dec	    hex	filename
   5336	    288	   3152	   8776	   2248	mem.elf
Finished building: mem.elf.size
 
08:50:59 **** Incremental Build of configuration Debug for project mem ****
make all 
make: Nothing to be done for `all'.
08:53:00 **** Incremental Build of configuration Debug for project mem ****
make all 
make: Nothing to be done for `all'.
08:55:17 **** Incremental Build of configuration Debug for project mem ****
make all 
make: Nothing to be done for `all'.
09:02:20 **** Incremental Build of configuration Debug for project mem ****
make all 
Building target: mem.elf
Invoking: MicroBlaze gcc linker
mb-gcc -Wl,-T -Wl,../src/lscript.ld -L../../mem_bsp/microblaze_0/lib -mlittle-endian -mcpu=v9.6 -mxl-soft-mul -Wl,--no-relax -o "mem.elf"  ./src/helloworld.o ./src/platform.o   -Wl,--start-group,-lxil,-lgcc,-lc,--end-group
Finished building target: mem.elf
 
Invoking: MicroBlaze Print Size
mb-size mem.elf  |tee "mem.elf.size"
   text	   data	    bss	    dec	    hex	filename
   5336	    288	   3152	   8776	   2248	mem.elf
Finished building: mem.elf.size
 
09:03:17 **** Auto Build of configuration Debug for project mem ****
make all 
Building file: ../src/helloworld.c
Invoking: MicroBlaze gcc compiler
mb-gcc -Wall -O0 -g3 -c -fmessage-length=0 -MT"src/helloworld.o" -I../../mem_bsp/microblaze_0/include -mlittle-endian -mcpu=v9.6 -mxl-soft-mul -Wl,--no-relax -MMD -MP -MF"src/helloworld.d" -MT"src/helloworld.o" -o "src/helloworld.o" "../src/helloworld.c"
../src/helloworld.c: In function 'main':
../src/helloworld.c:72:9: warning: unused variable 'number_of_words' [-Wunused-variable]
     int number_of_words = 8;//, addr=0;
         ^
../src/helloworld.c:54:7: warning: unused variable 'c' [-Wunused-variable]
  char c;
       ^
Finished building: ../src/helloworld.c
 
Building target: mem.elf
Invoking: MicroBlaze gcc linker
mb-gcc -Wl,-T -Wl,../src/lscript.ld -L../../mem_bsp/microblaze_0/lib -mlittle-endian -mcpu=v9.6 -mxl-soft-mul -Wl,--no-relax -o "mem.elf"  ./src/helloworld.o ./src/platform.o   -Wl,--start-group,-lxil,-lgcc,-lc,--end-group
Finished building target: mem.elf
 
Invoking: MicroBlaze Print Size
mb-size mem.elf  |tee "mem.elf.size"
   text	   data	    bss	    dec	    hex	filename
   5300	    288	   3156	   8744	   2228	mem.elf
Finished building: mem.elf.size
 
09:03:21 **** Incremental Build of configuration Debug for project mem ****
make all 
Invoking: MicroBlaze Print Size
mb-size mem.elf  |tee "mem.elf.size"
   text	   data	    bss	    dec	    hex	filename
   5300	    288	   3156	   8744	   2228	mem.elf
Finished building: mem.elf.size
 
09:13:25 **** Auto Build of configuration Debug for project mem ****
make all 
Building file: ../src/helloworld.c
Invoking: MicroBlaze gcc compiler
mb-gcc -Wall -O0 -g3 -c -fmessage-length=0 -MT"src/helloworld.o" -I../../mem_bsp/microblaze_0/include -mlittle-endian -mcpu=v9.6 -mxl-soft-mul -Wl,--no-relax -MMD -MP -MF"src/helloworld.d" -MT"src/helloworld.o" -o "src/helloworld.o" "../src/helloworld.c"
../src/helloworld.c: In function 'main':
../src/helloworld.c:72:9: warning: unused variable 'number_of_words' [-Wunused-variable]
     int number_of_words = 8;//, addr=0;
         ^
../src/helloworld.c:54:7: warning: unused variable 'c' [-Wunused-variable]
  char c;
       ^
Finished building: ../src/helloworld.c
 
Building target: mem.elf
Invoking: MicroBlaze gcc linker
mb-gcc -Wl,-T -Wl,../src/lscript.ld -L../../mem_bsp/microblaze_0/lib -mlittle-endian -mcpu=v9.6 -mxl-soft-mul -Wl,--no-relax -o "mem.elf"  ./src/helloworld.o ./src/platform.o   -Wl,--start-group,-lxil,-lgcc,-lc,--end-group
Finished building target: mem.elf
 
Invoking: MicroBlaze Print Size
mb-size mem.elf  |tee "mem.elf.size"
   text	   data	    bss	    dec	    hex	filename
   5260	    288	   3156	   8704	   2200	mem.elf
Finished building: mem.elf.size
 
09:13:27 **** Incremental Build of configuration Debug for project mem ****
make all 
Invoking: MicroBlaze Print Size
mb-size mem.elf  |tee "mem.elf.size"
   text	   data	    bss	    dec	    hex	filename
   5260	    288	   3156	   8704	   2200	mem.elf
Finished building: mem.elf.size
 
09:16:19 **** Auto Build of configuration Debug for project mem ****
make all 
Building file: ../src/helloworld.c
Invoking: MicroBlaze gcc compiler
mb-gcc -Wall -O0 -g3 -c -fmessage-length=0 -MT"src/helloworld.o" -I../../mem_bsp/microblaze_0/include -mlittle-endian -mcpu=v9.6 -mxl-soft-mul -Wl,--no-relax -MMD -MP -MF"src/helloworld.d" -MT"src/helloworld.o" -o "src/helloworld.o" "../src/helloworld.c"
../src/helloworld.c: In function 'main':
../src/helloworld.c:54:7: warning: unused variable 'c' [-Wunused-variable]
  char c;
       ^
Finished building: ../src/helloworld.c
 
Building target: mem.elf
Invoking: MicroBlaze gcc linker
mb-gcc -Wl,-T -Wl,../src/lscript.ld -L../../mem_bsp/microblaze_0/lib -mlittle-endian -mcpu=v9.6 -mxl-soft-mul -Wl,--no-relax -o "mem.elf"  ./src/helloworld.o ./src/platform.o   -Wl,--start-group,-lxil,-lgcc,-lc,--end-group
Finished building target: mem.elf
 
Invoking: MicroBlaze Print Size
mb-size mem.elf  |tee "mem.elf.size"
   text	   data	    bss	    dec	    hex	filename
   5288	    288	   3152	   8728	   2218	mem.elf
Finished building: mem.elf.size
 
09:16:22 **** Incremental Build of configuration Debug for project mem ****
make all 
Invoking: MicroBlaze Print Size
mb-size mem.elf  |tee "mem.elf.size"
   text	   data	    bss	    dec	    hex	filename
   5288	    288	   3152	   8728	   2218	mem.elf
Finished building: mem.elf.size
 
09:17:08 **** Auto Build of configuration Debug for project mem ****
make all 
make: Warning: File `src/subdir.mk' has modification time 0.067 s in the future
Building file: ../src/helloworld.c
Invoking: MicroBlaze gcc compiler
mb-gcc -Wall -O0 -g3 -c -fmessage-length=0 -MT"src/helloworld.o" -I../../mem_bsp/microblaze_0/include -mlittle-endian -mcpu=v9.6 -mxl-soft-mul -Wl,--no-relax -MMD -MP -MF"src/helloworld.d" -MT"src/helloworld.o" -o "src/helloworld.o" "../src/helloworld.c"
../src/helloworld.c: In function 'main':
../src/helloworld.c:54:7: warning: unused variable 'c' [-Wunused-variable]
  char c;
       ^
Finished building: ../src/helloworld.c
 
Building target: mem.elf
Invoking: MicroBlaze gcc linker
mb-gcc -Wl,-T -Wl,../src/lscript.ld -L../../mem_bsp/microblaze_0/lib -mlittle-endian -mcpu=v9.6 -mxl-soft-mul -Wl,--no-relax -o "mem.elf"  ./src/helloworld.o ./src/platform.o   -Wl,--start-group,-lxil,-lgcc,-lc,--end-group
Finished building target: mem.elf
 
Invoking: MicroBlaze Print Size
mb-size mem.elf  |tee "mem.elf.size"
   text	   data	    bss	    dec	    hex	filename
   5280	    288	   3152	   8720	   2210	mem.elf
Finished building: mem.elf.size
 
make: warning:  Clock skew detected.  Your build may be incomplete.
09:17:11 **** Incremental Build of configuration Debug for project mem ****
make all 
Invoking: MicroBlaze Print Size
mb-size mem.elf  |tee "mem.elf.size"
   text	   data	    bss	    dec	    hex	filename
   5280	    288	   3152	   8720	   2210	mem.elf
Finished building: mem.elf.size
 
09:17:41 **** Incremental Build of configuration Debug for project mem ****
make all 
make: Nothing to be done for `all'.
09:18:17 **** Incremental Build of configuration Debug for project mem ****
make all 
make: Nothing to be done for `all'.
09:18:25 **** Incremental Build of configuration Debug for project mem ****
make all 
make: Nothing to be done for `all'.
09:21:08 **** Incremental Build of configuration Debug for project mem ****
make all 
make: Nothing to be done for `all'.
09:29:45 **** Auto Build of configuration Debug for project mem ****
make all 
make: Warning: File `src/subdir.mk' has modification time 0.025 s in the future
Building file: ../src/helloworld.c
Invoking: MicroBlaze gcc compiler
mb-gcc -Wall -O0 -g3 -c -fmessage-length=0 -MT"src/helloworld.o" -I../../mem_bsp/microblaze_0/include -mlittle-endian -mcpu=v9.6 -mxl-soft-mul -Wl,--no-relax -MMD -MP -MF"src/helloworld.d" -MT"src/helloworld.o" -o "src/helloworld.o" "../src/helloworld.c"
../src/helloworld.c: In function 'main':
../src/helloworld.c:54:7: warning: unused variable 'c' [-Wunused-variable]
  char c;
       ^
Finished building: ../src/helloworld.c
 
Building target: mem.elf
Invoking: MicroBlaze gcc linker
mb-gcc -Wl,-T -Wl,../src/lscript.ld -L../../mem_bsp/microblaze_0/lib -mlittle-endian -mcpu=v9.6 -mxl-soft-mul -Wl,--no-relax -o "mem.elf"  ./src/helloworld.o ./src/platform.o   -Wl,--start-group,-lxil,-lgcc,-lc,--end-group
Finished building target: mem.elf
 
Invoking: MicroBlaze Print Size
mb-size mem.elf  |tee "mem.elf.size"
   text	   data	    bss	    dec	    hex	filename
   5252	    288	   3156	   8696	   21f8	mem.elf
Finished building: mem.elf.size
 
make: warning:  Clock skew detected.  Your build may be incomplete.
09:29:48 **** Incremental Build of configuration Debug for project mem ****
make all 
Invoking: MicroBlaze Print Size
mb-size mem.elf  |tee "mem.elf.size"
   text	   data	    bss	    dec	    hex	filename
   5252	    288	   3156	   8696	   21f8	mem.elf
Finished building: mem.elf.size
 
09:30:08 **** Auto Build of configuration Debug for project mem ****
make all 
Building file: ../src/helloworld.c
Invoking: MicroBlaze gcc compiler
mb-gcc -Wall -O0 -g3 -c -fmessage-length=0 -MT"src/helloworld.o" -I../../mem_bsp/microblaze_0/include -mlittle-endian -mcpu=v9.6 -mxl-soft-mul -Wl,--no-relax -MMD -MP -MF"src/helloworld.d" -MT"src/helloworld.o" -o "src/helloworld.o" "../src/helloworld.c"
../src/helloworld.c: In function 'main':
../src/helloworld.c:54:7: warning: unused variable 'c' [-Wunused-variable]
  char c;
       ^
Finished building: ../src/helloworld.c
 
Building target: mem.elf
Invoking: MicroBlaze gcc linker
mb-gcc -Wl,-T -Wl,../src/lscript.ld -L../../mem_bsp/microblaze_0/lib -mlittle-endian -mcpu=v9.6 -mxl-soft-mul -Wl,--no-relax -o "mem.elf"  ./src/helloworld.o ./src/platform.o   -Wl,--start-group,-lxil,-lgcc,-lc,--end-group
Finished building target: mem.elf
 
Invoking: MicroBlaze Print Size
mb-size mem.elf  |tee "mem.elf.size"
   text	   data	    bss	    dec	    hex	filename
   5264	    288	   3152	   8704	   2200	mem.elf
Finished building: mem.elf.size
 
09:30:10 **** Incremental Build of configuration Debug for project mem ****
make all 
Invoking: MicroBlaze Print Size
mb-size mem.elf  |tee "mem.elf.size"
   text	   data	    bss	    dec	    hex	filename
   5264	    288	   3152	   8704	   2200	mem.elf
Finished building: mem.elf.size
 
09:30:38 **** Auto Build of configuration Debug for project mem ****
make all 
Building file: ../src/helloworld.c
Invoking: MicroBlaze gcc compiler
mb-gcc -Wall -O0 -g3 -c -fmessage-length=0 -MT"src/helloworld.o" -I../../mem_bsp/microblaze_0/include -mlittle-endian -mcpu=v9.6 -mxl-soft-mul -Wl,--no-relax -MMD -MP -MF"src/helloworld.d" -MT"src/helloworld.o" -o "src/helloworld.o" "../src/helloworld.c"
../src/helloworld.c: In function 'main':
../src/helloworld.c:54:7: warning: unused variable 'c' [-Wunused-variable]
  char c;
       ^
Finished building: ../src/helloworld.c
 
Building target: mem.elf
Invoking: MicroBlaze gcc linker
mb-gcc -Wl,-T -Wl,../src/lscript.ld -L../../mem_bsp/microblaze_0/lib -mlittle-endian -mcpu=v9.6 -mxl-soft-mul -Wl,--no-relax -o "mem.elf"  ./src/helloworld.o ./src/platform.o   -Wl,--start-group,-lxil,-lgcc,-lc,--end-group
Finished building target: mem.elf
 
Invoking: MicroBlaze Print Size
mb-size mem.elf  |tee "mem.elf.size"
   text	   data	    bss	    dec	    hex	filename
   5276	    288	   3156	   8720	   2210	mem.elf
Finished building: mem.elf.size
 
09:30:42 **** Incremental Build of configuration Debug for project mem ****
make all 
Invoking: MicroBlaze Print Size
mb-size mem.elf  |tee "mem.elf.size"
   text	   data	    bss	    dec	    hex	filename
   5276	    288	   3156	   8720	   2210	mem.elf
Finished building: mem.elf.size
 
09:30:55 **** Auto Build of configuration Debug for project mem ****
make all 
make: Warning: File `src/subdir.mk' has modification time 0.1 s in the future
Building file: ../src/helloworld.c
Invoking: MicroBlaze gcc compiler
mb-gcc -Wall -O0 -g3 -c -fmessage-length=0 -MT"src/helloworld.o" -I../../mem_bsp/microblaze_0/include -mlittle-endian -mcpu=v9.6 -mxl-soft-mul -Wl,--no-relax -MMD -MP -MF"src/helloworld.d" -MT"src/helloworld.o" -o "src/helloworld.o" "../src/helloworld.c"
../src/helloworld.c: In function 'main':
../src/helloworld.c:54:7: warning: unused variable 'c' [-Wunused-variable]
  char c;
       ^
Finished building: ../src/helloworld.c
 
Building target: mem.elf
Invoking: MicroBlaze gcc linker
mb-gcc -Wl,-T -Wl,../src/lscript.ld -L../../mem_bsp/microblaze_0/lib -mlittle-endian -mcpu=v9.6 -mxl-soft-mul -Wl,--no-relax -o "mem.elf"  ./src/helloworld.o ./src/platform.o   -Wl,--start-group,-lxil,-lgcc,-lc,--end-group
Finished building target: mem.elf
 
Invoking: MicroBlaze Print Size
mb-size mem.elf  |tee "mem.elf.size"
   text	   data	    bss	    dec	    hex	filename
   5300	    288	   3156	   8744	   2228	mem.elf
Finished building: mem.elf.size
 
make: warning:  Clock skew detected.  Your build may be incomplete.
09:30:59 **** Incremental Build of configuration Debug for project mem ****
make all 
Invoking: MicroBlaze Print Size
mb-size mem.elf  |tee "mem.elf.size"
   text	   data	    bss	    dec	    hex	filename
   5300	    288	   3156	   8744	   2228	mem.elf
Finished building: mem.elf.size
 
09:32:21 **** Auto Build of configuration Debug for project mem ****
make all 
Building file: ../src/helloworld.c
Invoking: MicroBlaze gcc compiler
mb-gcc -Wall -O0 -g3 -c -fmessage-length=0 -MT"src/helloworld.o" -I../../mem_bsp/microblaze_0/include -mlittle-endian -mcpu=v9.6 -mxl-soft-mul -Wl,--no-relax -MMD -MP -MF"src/helloworld.d" -MT"src/helloworld.o" -o "src/helloworld.o" "../src/helloworld.c"
../src/helloworld.c: In function 'main':
../src/helloworld.c:54:7: warning: unused variable 'c' [-Wunused-variable]
  char c;
       ^
Finished building: ../src/helloworld.c
 
Building target: mem.elf
Invoking: MicroBlaze gcc linker
mb-gcc -Wl,-T -Wl,../src/lscript.ld -L../../mem_bsp/microblaze_0/lib -mlittle-endian -mcpu=v9.6 -mxl-soft-mul -Wl,--no-relax -o "mem.elf"  ./src/helloworld.o ./src/platform.o   -Wl,--start-group,-lxil,-lgcc,-lc,--end-group
Finished building target: mem.elf
 
Invoking: MicroBlaze Print Size
mb-size mem.elf  |tee "mem.elf.size"
   text	   data	    bss	    dec	    hex	filename
   5264	    288	   3152	   8704	   2200	mem.elf
Finished building: mem.elf.size
 
09:32:23 **** Incremental Build of configuration Debug for project mem ****
make all 
make: Warning: File `src/subdir.mk' has modification time 0.071 s in the future
Invoking: MicroBlaze Print Size
mb-size mem.elf  |tee "mem.elf.size"
   text	   data	    bss	    dec	    hex	filename
   5264	    288	   3152	   8704	   2200	mem.elf
Finished building: mem.elf.size
 
make: warning:  Clock skew detected.  Your build may be incomplete.
09:32:32 **** Incremental Build of configuration Debug for project mem ****
make all 
make: Nothing to be done for `all'.
09:34:07 **** Incremental Build of configuration Debug for project mem ****
make all 
make: Warning: File `src/subdir.mk' has modification time 0.0042 s in the future
make: Nothing to be done for `all'.
make: warning:  Clock skew detected.  Your build may be incomplete.
09:37:12 **** Auto Build of configuration Debug for project mem ****
make all 
Building file: ../src/helloworld.c
Invoking: MicroBlaze gcc compiler
mb-gcc -Wall -O0 -g3 -c -fmessage-length=0 -MT"src/helloworld.o" -I../../mem_bsp/microblaze_0/include -mlittle-endian -mcpu=v9.6 -mxl-soft-mul -Wl,--no-relax -MMD -MP -MF"src/helloworld.d" -MT"src/helloworld.o" -o "src/helloworld.o" "../src/helloworld.c"
../src/helloworld.c: In function 'main':
../src/helloworld.c:54:7: warning: unused variable 'c' [-Wunused-variable]
  char c;
       ^
Finished building: ../src/helloworld.c
 
Building target: mem.elf
Invoking: MicroBlaze gcc linker
mb-gcc -Wl,-T -Wl,../src/lscript.ld -L../../mem_bsp/microblaze_0/lib -mlittle-endian -mcpu=v9.6 -mxl-soft-mul -Wl,--no-relax -o "mem.elf"  ./src/helloworld.o ./src/platform.o   -Wl,--start-group,-lxil,-lgcc,-lc,--end-group
Finished building target: mem.elf
 
Invoking: MicroBlaze Print Size
mb-size mem.elf  |tee "mem.elf.size"
   text	   data	    bss	    dec	    hex	filename
   5268	    288	   3156	   8712	   2208	mem.elf
Finished building: mem.elf.size
 
09:37:14 **** Incremental Build of configuration Debug for project mem ****
make all 
Invoking: MicroBlaze Print Size
mb-size mem.elf  |tee "mem.elf.size"
   text	   data	    bss	    dec	    hex	filename
   5268	    288	   3156	   8712	   2208	mem.elf
Finished building: mem.elf.size
 
09:37:34 **** Auto Build of configuration Debug for project mem ****
make all 
make: Warning: File `makefile' has modification time 0.05 s in the future
Building file: ../src/helloworld.c
Invoking: MicroBlaze gcc compiler
mb-gcc -Wall -O0 -g3 -c -fmessage-length=0 -MT"src/helloworld.o" -I../../mem_bsp/microblaze_0/include -mlittle-endian -mcpu=v9.6 -mxl-soft-mul -Wl,--no-relax -MMD -MP -MF"src/helloworld.d" -MT"src/helloworld.o" -o "src/helloworld.o" "../src/helloworld.c"
../src/helloworld.c: In function 'main':
../src/helloworld.c:54:7: warning: unused variable 'c' [-Wunused-variable]
  char c;
       ^
Finished building: ../src/helloworld.c
 
Building target: mem.elf
Invoking: MicroBlaze gcc linker
mb-gcc -Wl,-T -Wl,../src/lscript.ld -L../../mem_bsp/microblaze_0/lib -mlittle-endian -mcpu=v9.6 -mxl-soft-mul -Wl,--no-relax -o "mem.elf"  ./src/helloworld.o ./src/platform.o   -Wl,--start-group,-lxil,-lgcc,-lc,--end-group
Finished building target: mem.elf
 
Invoking: MicroBlaze Print Size
mb-size mem.elf  |tee "mem.elf.size"
   text	   data	    bss	    dec	    hex	filename
   5256	    288	   3152	   8696	   21f8	mem.elf
Finished building: mem.elf.size
 
make: warning:  Clock skew detected.  Your build may be incomplete.
09:37:38 **** Incremental Build of configuration Debug for project mem ****
make all 
Invoking: MicroBlaze Print Size
mb-size mem.elf  |tee "mem.elf.size"
   text	   data	    bss	    dec	    hex	filename
   5256	    288	   3152	   8696	   21f8	mem.elf
Finished building: mem.elf.size
 
09:38:11 **** Auto Build of configuration Debug for project mem ****
make all 
Building file: ../src/helloworld.c
Invoking: MicroBlaze gcc compiler
mb-gcc -Wall -O0 -g3 -c -fmessage-length=0 -MT"src/helloworld.o" -I../../mem_bsp/microblaze_0/include -mlittle-endian -mcpu=v9.6 -mxl-soft-mul -Wl,--no-relax -MMD -MP -MF"src/helloworld.d" -MT"src/helloworld.o" -o "src/helloworld.o" "../src/helloworld.c"
../src/helloworld.c: In function 'main':
../src/helloworld.c:54:7: warning: unused variable 'c' [-Wunused-variable]
  char c;
       ^
Finished building: ../src/helloworld.c
 
Building target: mem.elf
Invoking: MicroBlaze gcc linker
mb-gcc -Wl,-T -Wl,../src/lscript.ld -L../../mem_bsp/microblaze_0/lib -mlittle-endian -mcpu=v9.6 -mxl-soft-mul -Wl,--no-relax -o "mem.elf"  ./src/helloworld.o ./src/platform.o   -Wl,--start-group,-lxil,-lgcc,-lc,--end-group
Finished building target: mem.elf
 
Invoking: MicroBlaze Print Size
mb-size mem.elf  |tee "mem.elf.size"
   text	   data	    bss	    dec	    hex	filename
   5252	    288	   3156	   8696	   21f8	mem.elf
Finished building: mem.elf.size
 
09:38:14 **** Incremental Build of configuration Debug for project mem ****
make all 
Invoking: MicroBlaze Print Size
mb-size mem.elf  |tee "mem.elf.size"
   text	   data	    bss	    dec	    hex	filename
   5252	    288	   3156	   8696	   21f8	mem.elf
Finished building: mem.elf.size
 
09:41:28 **** Auto Build of configuration Debug for project mem ****
make all 
Building file: ../src/helloworld.c
Invoking: MicroBlaze gcc compiler
mb-gcc -Wall -O0 -g3 -c -fmessage-length=0 -MT"src/helloworld.o" -I../../mem_bsp/microblaze_0/include -mlittle-endian -mcpu=v9.6 -mxl-soft-mul -Wl,--no-relax -MMD -MP -MF"src/helloworld.d" -MT"src/helloworld.o" -o "src/helloworld.o" "../src/helloworld.c"
../src/helloworld.c: In function 'main':
../src/helloworld.c:54:7: warning: unused variable 'c' [-Wunused-variable]
  char c;
       ^
Finished building: ../src/helloworld.c
 
Building target: mem.elf
Invoking: MicroBlaze gcc linker
mb-gcc -Wl,-T -Wl,../src/lscript.ld -L../../mem_bsp/microblaze_0/lib -mlittle-endian -mcpu=v9.6 -mxl-soft-mul -Wl,--no-relax -o "mem.elf"  ./src/helloworld.o ./src/platform.o   -Wl,--start-group,-lxil,-lgcc,-lc,--end-group
Finished building target: mem.elf
 
Invoking: MicroBlaze Print Size
mb-size mem.elf  |tee "mem.elf.size"
   text	   data	    bss	    dec	    hex	filename
   5280	    288	   3152	   8720	   2210	mem.elf
Finished building: mem.elf.size
 
09:41:36 **** Incremental Build of configuration Debug for project mem ****
make all 
Invoking: MicroBlaze Print Size
mb-size mem.elf  |tee "mem.elf.size"
   text	   data	    bss	    dec	    hex	filename
   5280	    288	   3152	   8720	   2210	mem.elf
Finished building: mem.elf.size
 
09:45:00 **** Auto Build of configuration Debug for project mem ****
make all 
Building file: ../src/helloworld.c
Invoking: MicroBlaze gcc compiler
mb-gcc -Wall -O0 -g3 -c -fmessage-length=0 -MT"src/helloworld.o" -I../../mem_bsp/microblaze_0/include -mlittle-endian -mcpu=v9.6 -mxl-soft-mul -Wl,--no-relax -MMD -MP -MF"src/helloworld.d" -MT"src/helloworld.o" -o "src/helloworld.o" "../src/helloworld.c"
../src/helloworld.c: In function 'main':
../src/helloworld.c:54:7: warning: unused variable 'c' [-Wunused-variable]
  char c;
       ^
Finished building: ../src/helloworld.c
 
Building target: mem.elf
Invoking: MicroBlaze gcc linker
mb-gcc -Wl,-T -Wl,../src/lscript.ld -L../../mem_bsp/microblaze_0/lib -mlittle-endian -mcpu=v9.6 -mxl-soft-mul -Wl,--no-relax -o "mem.elf"  ./src/helloworld.o ./src/platform.o   -Wl,--start-group,-lxil,-lgcc,-lc,--end-group
Finished building target: mem.elf
 
Invoking: MicroBlaze Print Size
mb-size mem.elf  |tee "mem.elf.size"
   text	   data	    bss	    dec	    hex	filename
   5288	    288	   3152	   8728	   2218	mem.elf
Finished building: mem.elf.size
 
09:45:01 **** Incremental Build of configuration Debug for project mem ****
make all 
Invoking: MicroBlaze Print Size
mb-size mem.elf  |tee "mem.elf.size"
   text	   data	    bss	    dec	    hex	filename
   5288	    288	   3152	   8728	   2218	mem.elf
Finished building: mem.elf.size
 
09:45:29 **** Auto Build of configuration Debug for project mem ****
make all 
Building file: ../src/helloworld.c
Invoking: MicroBlaze gcc compiler
mb-gcc -Wall -O0 -g3 -c -fmessage-length=0 -MT"src/helloworld.o" -I../../mem_bsp/microblaze_0/include -mlittle-endian -mcpu=v9.6 -mxl-soft-mul -Wl,--no-relax -MMD -MP -MF"src/helloworld.d" -MT"src/helloworld.o" -o "src/helloworld.o" "../src/helloworld.c"
../src/helloworld.c: In function 'main':
../src/helloworld.c:54:7: warning: unused variable 'c' [-Wunused-variable]
  char c;
       ^
Finished building: ../src/helloworld.c
 
Building target: mem.elf
Invoking: MicroBlaze gcc linker
mb-gcc -Wl,-T -Wl,../src/lscript.ld -L../../mem_bsp/microblaze_0/lib -mlittle-endian -mcpu=v9.6 -mxl-soft-mul -Wl,--no-relax -o "mem.elf"  ./src/helloworld.o ./src/platform.o   -Wl,--start-group,-lxil,-lgcc,-lc,--end-group
Finished building target: mem.elf
 
Invoking: MicroBlaze Print Size
mb-size mem.elf  |tee "mem.elf.size"
   text	   data	    bss	    dec	    hex	filename
   5316	    288	   3156	   8760	   2238	mem.elf
Finished building: mem.elf.size
 
09:45:30 **** Incremental Build of configuration Debug for project mem ****
make all 
Building target: mem.elf
Invoking: MicroBlaze gcc linker
mb-gcc -Wl,-T -Wl,../src/lscript.ld -L../../mem_bsp/microblaze_0/lib -mlittle-endian -mcpu=v9.6 -mxl-soft-mul -Wl,--no-relax -o "mem.elf"  ./src/helloworld.o ./src/platform.o   -Wl,--start-group,-lxil,-lgcc,-lc,--end-group
Finished building target: mem.elf
 
Invoking: MicroBlaze Print Size
mb-size mem.elf  |tee "mem.elf.size"
   text	   data	    bss	    dec	    hex	filename
   5316	    288	   3156	   8760	   2238	mem.elf
Finished building: mem.elf.size
 
09:46:22 **** Auto Build of configuration Debug for project mem ****
make all 
make: Warning: File `src/subdir.mk' has modification time 0.052 s in the future
Building file: ../src/helloworld.c
Invoking: MicroBlaze gcc compiler
mb-gcc -Wall -O0 -g3 -c -fmessage-length=0 -MT"src/helloworld.o" -I../../mem_bsp/microblaze_0/include -mlittle-endian -mcpu=v9.6 -mxl-soft-mul -Wl,--no-relax -MMD -MP -MF"src/helloworld.d" -MT"src/helloworld.o" -o "src/helloworld.o" "../src/helloworld.c"
../src/helloworld.c: In function 'main':
../src/helloworld.c:54:7: warning: unused variable 'c' [-Wunused-variable]
  char c;
       ^
Finished building: ../src/helloworld.c
 
Building target: mem.elf
Invoking: MicroBlaze gcc linker
mb-gcc -Wl,-T -Wl,../src/lscript.ld -L../../mem_bsp/microblaze_0/lib -mlittle-endian -mcpu=v9.6 -mxl-soft-mul -Wl,--no-relax -o "mem.elf"  ./src/helloworld.o ./src/platform.o   -Wl,--start-group,-lxil,-lgcc,-lc,--end-group
Finished building target: mem.elf
 
Invoking: MicroBlaze Print Size
mb-size mem.elf  |tee "mem.elf.size"
   text	   data	    bss	    dec	    hex	filename
   5288	    288	   3152	   8728	   2218	mem.elf
Finished building: mem.elf.size
 
make: warning:  Clock skew detected.  Your build may be incomplete.
09:46:50 **** Auto Build of configuration Debug for project mem ****
make all 
Building file: ../src/helloworld.c
Invoking: MicroBlaze gcc compiler
mb-gcc -Wall -O0 -g3 -c -fmessage-length=0 -MT"src/helloworld.o" -I../../mem_bsp/microblaze_0/include -mlittle-endian -mcpu=v9.6 -mxl-soft-mul -Wl,--no-relax -MMD -MP -MF"src/helloworld.d" -MT"src/helloworld.o" -o "src/helloworld.o" "../src/helloworld.c"
../src/helloworld.c: In function 'main':
../src/helloworld.c:54:7: warning: unused variable 'c' [-Wunused-variable]
  char c;
       ^
Finished building: ../src/helloworld.c
 
Building target: mem.elf
Invoking: MicroBlaze gcc linker
mb-gcc -Wl,-T -Wl,../src/lscript.ld -L../../mem_bsp/microblaze_0/lib -mlittle-endian -mcpu=v9.6 -mxl-soft-mul -Wl,--no-relax -o "mem.elf"  ./src/helloworld.o ./src/platform.o   -Wl,--start-group,-lxil,-lgcc,-lc,--end-group
Finished building target: mem.elf
 
Invoking: MicroBlaze Print Size
mb-size mem.elf  |tee "mem.elf.size"
   text	   data	    bss	    dec	    hex	filename
   5288	    288	   3152	   8728	   2218	mem.elf
Finished building: mem.elf.size
 
