09:46:50 **** Auto Build of configuration Debug for project mem ****
make all 
Building file: ../src/helloworld.c
Invoking: MicroBlaze gcc compiler
mb-gcc -Wall -O0 -g3 -c -fmessage-length=0 -MT"src/helloworld.o" -I../../mem_bsp/microblaze_0/include -mlittle-endian -mcpu=v9.6 -mxl-soft-mul -Wl,--no-relax -MMD -MP -MF"src/helloworld.d" -MT"src/helloworld.o" -o "src/helloworld.o" "../src/helloworld.c"
../src/helloworld.c: In function 'main':
../src/helloworld.c:54:7: warning: unused variable 'c' [-Wunused-variable]
  char c;
       ^
Finished building: ../src/helloworld.c
 
Building target: mem.elf
Invoking: MicroBlaze gcc linker
mb-gcc -Wl,-T -Wl,../src/lscript.ld -L../../mem_bsp/microblaze_0/lib -mlittle-endian -mcpu=v9.6 -mxl-soft-mul -Wl,--no-relax -o "mem.elf"  ./src/helloworld.o ./src/platform.o   -Wl,--start-group,-lxil,-lgcc,-lc,--end-group
Finished building target: mem.elf
 
Invoking: MicroBlaze Print Size
mb-size mem.elf  |tee "mem.elf.size"
   text	   data	    bss	    dec	    hex	filename
   5288	    288	   3152	   8728	   2218	mem.elf
Finished building: mem.elf.size
 

09:46:51 Build Finished (took 381ms)

